[backblue.gif]
[fade.gif]
[index.html]
[vceit.com/index.html]
[vceit.com/wp/index.html]
[vceit.com/wp/wp-includes/css/dist/block-library/style.minac12.css]
[vceit.com/wp/wp-includes/css/dist/block-library/theme.minac12.css]
[vceit.com/wp/feed/index.html]
[vceit.com/wp/wp-content/plugins/contact-form-7/includes/css/styles58e0.css]
[vceit.com/wp/wp-content/plugins/easy-countdowner/assets/TimeCircles5152.css]
[vceit.com/wp/comments/feed/index.html]
[vceit.com/wp/vceit/feed/index.html]
[vceit.com/wp/wp-content/themes/twentythirteen/genericons/genericons19ce.css]
[vceit.com/wp/wp-content/themes/twentythirteen/style4a02.css]
[vceit.com/wp/wp-content/themes/twentythirteen/css/blocks0329.css]
[vceit.com/wp/wp-includes/js/jquery/jquery-migrate.min330a.js]
[vceit.com/wp/xmlrpc0db0.php]
[vceit.com/wp/wp-content/plugins/easy-countdowner/assets/TimeCircles5152.js]
[vceit.com/wp/wp-includes/wlwmanifest.xml]
[vceit.com/wp/wp-json/index.html]
[vceit.com/wp/wp-json/oembed/1.0/embedd46b.json]
[vceit.com/wp/wp-includes/js/jquery/jquery4a5f.js]
[vceit.com/wp/wp-json/oembed/1.0/embeda2a0]
[vceit.com/wp/wp-content/uploads/2015/06/title.jpg]
[www.google-analytics.com/analytics.js]
[pagead2.googlesyndication.com/pagead/f.txt]
[vceit.com/wp/wp-login0f96.html]
[vceit.com/wp/informatics/index.html]
[vceit.com/wp/software-development/index.html]
[vceit.com/wp/wp-content/plugins/contact-form-7/includes/js/scripts58e0.js]
[vceit.com/wp/computing-units-1-and-2/index.html]
[vceit.com/wp/newsblog/index.html]
[vceit.com/wp/wp-includes/js/comment-reply.minac12.js]
[vceit.com/wp/exams-2/index.html]
[vceit.com/wp/exams-2/exam-tips/index.html]
[vceit.com/wp/wp-includes/js/imagesloaded.min55a0.js]
[vceit.com/wp/contact-me-at-vceit-com-2/index.html]
[vceit.com/wp/wp-includes/js/masonry.mind617.js]
[vceit.com/wp/wp-includes/js/jquery/jquery.masonry.minef70.js]
[vceit.com/wp/vce-computing-glossary-2016-2019/index.html]
[vceit.com/wp/informatics/informatics-mandated-software-tools-and-functions/index.html]
[vceit.com/wp/informatics/informatics-sat/index.html]
[vceit.com/wp/informatics/informatics-vcaa-sample-exam-answers/index.html]
[vceit.com/wp/wp-content/themes/twentythirteen/js/functionsf84f.js]
[vceit.com/wp/software-development/sd-sample-exam/index.html]
[vceit.com/wp/software-development/software-development-programming-requirements-for-2016/index.html]
[vceit.com/wp/software-development/software-development-sat/index.html]
[vceit.com/wp/index.html]
[vceit.com/wp/xmlrpc.php]
[vceit.com/wp/wp-includes/css/dist/block-library/style.minac12.css]
[vceit.com/wp/wp-includes/css/dist/block-library/theme.minac12.css]
[vceit.com/wp/wp-includes/js/wp-embed.minac12.js]
[vceit.com/wp/wp-content/plugins/contact-form-7/images/ajax-loader.gif]
[vceit.com/wp/wp-content/plugins/contact-form-7/includes/css/styles58e0.css]
[vceit.com/wp/wp-content/plugins/easy-countdowner/assets/TimeCircles5152.css]
[vceit.com/wp/wp-content/themes/twentythirteen/genericons/font/genericons-regular-webfont.eot]
[vceit.com/wp/wp-content/themes/twentythirteen/genericons/font/genericons-regular-webfont.ttf]
[vceit.com/wp/wp-content/themes/twentythirteen/genericons/font/genericons-regular-webfont.svg]
[vceit.com/wp/wp-content/themes/twentythirteen/genericons/genericons19ce.css]
[vceit.com/wp/wp-content/themes/twentythirteen/images/dotted-line.png]
[vceit.com/wp/wp-content/themes/twentythirteen/images/search-icon.png]
[vceit.com/wp/wp-content/themes/twentythirteen/images/search-icon-2x.png]
[vceit.com/wp/wp-content/themes/twentythirteen/images/dotted-line-2x.png]
[vceit.com/wp/wp-content/themes/twentythirteen/style4a02.css]
[vceit.com/wp/wp-content/themes/twentythirteen/css/blocks0329.css]
[vceit.com/wp/index5ed9.html]
[vceit.com/wp/wp-json/oembed/1.0/embed5a33.json]
[vceit.com/wp/informatics/feed/index.html]
[vceit.com/wp/wp-json/oembed/1.0/embed7c11]
[vceit.com/wp/wp-content/uploads/2015/11/ppt-icon.png]
[vceit.com/ppt2016/websites-data.pptx]
[vceit.com/wp/what-is-informatics/index.html]
[vceit.com/ppt2016/data-collection-techniques.pptx]
[vceit.com/ppt2016/data-entry-controls.pptx]
[vceit.com/ppt2016/Data-Types.pptx]
[vceit.com/ppt2016/Data-Security.pptx]
[vceit.com/ppt2016/beginning-databases.pptx]
[vceit.com/ppt2016/Databases-Purposes.pptx]
[vceit.com/ppt2016/Databases-Struc-Datatypes-Naming.pptx]
[vceit.com/ppt2016/naming-conventions.pptx]
[vceit.com/ppt2016/FileNaming.pptx]
[vceit.com/ppt2016/Database-Normalisation.pptx]
[vceit.com/ppt2016/database-normalisation-example.ppt]
[vceit.com/ppt2016/database-normalisation-forms.ppt]
[vceit.com/ppt2016/Database-Referential-Integrity.pptx]
[vceit.com/ppt2016/Design-Tools-Database.pptx]
[vceit.com/ppt2016/Design-Tools-ERD.pptx]
[vceit.com/wp/wp-content/uploads/2015/06/2016-erd1.png]
[vceit.com/wp/wp-content/uploads/2015/06/2016-erd1-300x70.png]
[vceit.com/wp/wp-content/uploads/2015/06/2016-erd2.png]
[vceit.com/wp/wp-content/uploads/2015/06/2016-erd2-300x109.png]
[vceit.com/wp/wp-content/uploads/2015/06/2016-erd3.png]
[vceit.com/wp/wp-content/uploads/2015/06/2016-erd3-300x62.png]
[vceit.com/ppt2016/design-principles.pptx]
[vceit.com/ppt2016/DataDictionary.pptx]
[vceit.com/ppt2016/Design-Tools-Website.pptx]
[vceit.com/ppt2016/validation.pptx]
[vceit.com/ppt2016/search-sort-filter.pptx]
[vceit.com/ppt2016/User-Acceptance-Testing-UAT.pptx]
[vceit.com/ppt2016/testing.pptx]
[vceit.com/ppt2016/test-data.pptx]
[vceit.com/ppt2016/user-flow-diagrams-UFD.pptx]
[vceit.com/wp/wp-content/uploads/2015/06/ufd2.png]
[vceit.com/wp/wp-content/uploads/2015/06/ufd2-128x300.png]
[vceit.com/wp/wp-content/uploads/16i-c08_tn.jpg]
[vceit.com/wp/informatics/16i-c08/index.html]
[vceit.com/wp/wp-content/uploads/2015/06/QBE.jpg]
[vceit.com/ppt2016/Legislation-Privacy.pptx]
[vceit.com/wp/correctness-versus-accuracy/index.html]
[vceit.com/ppt2016/Legislation-Copyright.pptx]
[vceit.com/wp/logical-fallacies-and-failures/index.html]
[vceit.com/ppt2016/Legislation-Rights-Spam.pptx]
[vceit.com/ppt2016/gantt.pptx]
[vceit.com/ppt2016/hardware.pptx]
[vceit.com/ppt2016/inclusiveness.pptx]
[vceit.com/ppt2016/design-ideas.pptx]
[vceit.com/wp/the-myth-of-brainstorming/index.html]
[vceit.com/ppt2016/evaluation-criteria.pptx]
[vceit.com/ppt2016/Formats+Conventions-Web.pptx]
[vceit.com/ppt2016/File-Management.pptx]
[vceit.com/ppt2016/PSM4-Evaluation.pptx]
[vceit.com/ppt2016/goals-objectives.pptx]
[vceit.com/ppt2016/Managing-Ethical-Dilemmas.pptx]
[vceit.com/ppt2016/networks-hardware.pptx]
[vceit.com/ppt2016/Threats.pptx]
[vceit.com/ppt2016/Cloud-Computing.pptx]
[vceit.com/wp/wp-login28aa.html]
[vceit.com/wp/informatics/index.html]
[vceit.com/wp/wp-json/oembed/1.0/embedc315.json]
[vceit.com/wp/software-development/feed/index.html]
[vceit.com/wp/wp-json/oembed/1.0/embedf3c7]
[vceit.com/ppt2016/data-structures_arrays.pptx]
[vceit.com/ppt2016/mockups.pptx]
[vceit.com/ppt2016/Pseudocode.pptx]
[vceit.com/ppt2016/xml.pptx]
[vceit.com/ppt2016/Functions-Statements-etc.pptx]
[vceit.com/ppt2016/SD-Searching.pptx]
[vceit.com/ppt2016/Trace-Tables-Desk-Checks.pptx]
[vceit.com/wp/wp-content/uploads/2015/06/equals.jpg]
[vceit.com/ppt2016/PSM-Analysis-Activities.pptx]
[vceit.com/ppt2016/Use-Case-Diagram-UCD.pptx]
[vceit.com/ppt2016/DFD-Design-Tools.ppt]
[vceit.com/ppt2016/DFD-library-example.ppt]
[vceit.com/ppt2016/design-factors.pptx]
[vceit.com/ppt2016/Interfaces.pptx]
[vceit.com/ppt2016/hash.pptx]
[vceit.com/ppt2016/SD-Intranet-Internet-VPN.pptx]
[vceit.com/wp/wp-login1afa.html]
[vceit.com/wp/software-development/index.html]
[vceit.com/wp/wp-json/oembed/1.0/embed1a5f.json]
[vceit.com/wp/computing-units-1-and-2/feed/index.html]
[vceit.com/wp/wp-json/oembed/1.0/embed4a05]
[vceit.com/ppt2016/infographics.pptx]
[vceit.com/ppt2016/Networks-LANs+design.ppt]
[vceit.com/ppt2016/network-protocols.ppt]
[vceit.com/wp/wp-login7259.html]
[vceit.com/wp/computing-units-1-and-2/index.html]
[vceit.com/wp/wp-json/oembed/1.0/embed8708.json]
[vceit.com/wp/newsblog/feed/index.html]
[vceit.com/wp/wp-json/oembed/1.0/embed16fa]
[cdn.ebaumsworld.com/mediaFiles/picture/2265415/85274429.jpg]
[cdn.ebaumsworld.com/mediaFiles/picture/718392/84587913.jpg]
[vceit.com/m/moo-2015.jpg]
[vceit.com/m/moo-2015_tn.jpg]
[vceit.com/wp/wp-login25a6.html]
[vceit.com/wp/newsblog/index.html]
[vceit.com/wp/wp-json/oembed/1.0/embed990e.json]
[vceit.com/wp/exams-2/feed/index.html]
[vceit.com/wp/wp-json/oembed/1.0/embedf254]
[vceit.com/wp/wp-content/uploads/2015/12/toetags2016.jpg]
[vceit.com/wp/wp-login5a18.html]
[vceit.com/wp/exams-2/index.html]
[vceit.com/wp/wp-json/oembed/1.0/embedb9fb.json]
[vceit.com/wp/wp-json/oembed/1.0/embedf41b]
[vceit.com/wp/wp-content/uploads/2015/06/examtips-studnum.gif]
[vceit.com/wp/wp-content/uploads/2015/06/examtips-studnum-300x42.gif]
[vceit.com/wp/exams-2/exam-tips/index.html]
[vceit.com/wp/wp-json/oembed/1.0/embed34c2.json]
[vceit.com/wp/contact-me-at-vceit-com-2/index.html]
[vceit.com/wp/wp-json/oembed/1.0/embed0e68]
[vceit.com/wp/indexce18.html]
[vceit.com/wp/index2beb.html]
[vceit.com/wp/index9f5b.html]
[vceit.com/wp/indexc45e.html]
[vceit.com/wp/wp-includes/css/dashicons.minac12.css]
[vceit.com/wp/wp-includes/css/buttons.minac12.css]
[vceit.com/wp/wp-admin/css/forms.minac12.css]
[vceit.com/wp/wp-admin/css/l10n.minac12.css]
[vceit.com/wp/wp-admin/css/login.minac12.css]
[vceit.com/wp/wp-loginc2b6.html]
[vceit.com/wp/wp-login0f96.html]
[vceit.com/wp/wp-json/oembed/1.0/embed3457.json]
[vceit.com/wp/vce-computing-glossary-2016-2019/feed/index.html]
[vceit.com/wp/wp-json/oembed/1.0/embed36db]
[vceit.com/wp/wp-login0a2a.html]
[vceit.com/wp/vce-computing-glossary-2016-2019/index.html]
[vceit.com/wp/wp-json/oembed/1.0/embedd462.json]
[vceit.com/wp/wp-json/oembed/1.0/embed9d66]
[vceit.com/wp/wp-content/uploads/2015/10/ppt-alt.jpg]
[vceit.com/wp/wp-content/uploads/2015/10/ppt-alt-216x300.jpg]
[vceit.com/wp/informatics/informatics-mandated-software-tools-and-functions/index.html]
[vceit.com/wp/wp-json/oembed/1.0/embedf54c.json]
[vceit.com/wp/informatics/informatics-sat/index.html]
[vceit.com/wp/wp-json/oembed/1.0/embed32f2]
[vceit.com/wp/wp-json/oembed/1.0/embed4e4f.json]
[vceit.com/wp/wp-json/oembed/1.0/embed5b0c]
[vceit.com/wp/wp-content/uploads/2016/07/B2b.png]
[vceit.com/wp/wp-content/uploads/2016/07/gantt-finished.png]
[vceit.com/wp/wp-content/uploads/2016/07/gantt3.png]
[vceit.com/wp/informatics/informatics-vcaa-sample-exam-answers/index.html]
[vceit.com/wp/wp-json/oembed/1.0/embed4d90.json]
[vceit.com/wp/wp-json/oembed/1.0/embed6bce]
[vceit.com/wp/the-new-informatics-exam-format-has-been-announced/index.html]
[vceit.com/wp/wp-content/uploads/2015/06/11s-cs-cdu.jpg]
[vceit.com/wp/wp-content/uploads/2016/08/16-SD-sample-exam-C1-gantt.png]
[vceit.com/wp/software-development/sd-sample-exam/index.html]
[vceit.com/wp/wp-json/oembed/1.0/embedef01.json]
[vceit.com/wp/software-development/software-development-programming-requirements-for-2016/index.html]
[vceit.com/wp/wp-json/oembed/1.0/embed10a7]
[vceit.com/wp/wp-json/oembed/1.0/embedc6bd.json]
[vceit.com/wp/software-development/software-development-sat/index.html]
[vceit.com/wp/wp-json/oembed/1.0/embeda643]
[vceit.com/wp/wp-content/themes/twentythirteen/genericons/font/genericons-regular-webfont.svg]
[vceit.com/wp/index30e3.html]
[vceit.com/wp/index9ddd.html]
[vceit.com/wp/wp-json/oembed/1.0/embede2ad.json]
[vceit.com/wp/what-is-informatics/feed/index.html]
[vceit.com/wp/wp-json/oembed/1.0/embedff3b]
[vceit.com/wp/wp-login4d2f.html]
[vceit.com/wp/what-is-informatics/index.html]
[vceit.com/wp/category/uncategorized/index.html]
[vceit.com/wp/author/mark/index.html]
[vceit.com/ppt2016/websites-data.pptx]
[vceit.com/ppt2016/data-collection-techniques.pptx]
[vceit.com/ppt2016/data-entry-controls.pptx]
[vceit.com/ppt2016/Data-Types.html]
[vceit.com/ppt2016/Data-Types.pptx]
[vceit.com/ppt2016/Data-Security.pptx]
[vceit.com/ppt2016/Databases-Purposes.pptx]
[vceit.com/ppt2016/Databases-Struc-Datatypes-Naming.pptx]
[vceit.com/ppt2016/naming-conventions.pptx]
[vceit.com/ppt2016/FileNaming.pptx]
[vceit.com/ppt2016/Database-Normalisation.pptx]
[vceit.com/ppt2016/database-normalisation-example.ppt]
[vceit.com/ppt2016/database-normalisation-forms.ppt]
[vceit.com/ppt2016/Design-Tools-Database.pptx]
[vceit.com/ppt2016/Design-Tools-ERD.pptx]
[vceit.com/ppt2016/design-principles.pptx]
[vceit.com/ppt2016/DataDictionary.pptx]
[vceit.com/ppt2016/Design-Tools-Website.pptx]
[vceit.com/ppt2016/validation.pptx]
[vceit.com/ppt2016/search-sort-filter.pptx]
[vceit.com/ppt2016/PSM3-Development.html]
[vceit.com/ppt2016/test-data.pptx]
[vceit.com/ppt2016/user-flow-diagrams-UFD.pptx]
[vceit.com/wp/wp-json/oembed/1.0/embed6598.json]
[vceit.com/wp/informatics/16i-c08/feed/index.html]
[vceit.com/wp/wp-json/oembed/1.0/embed8343]
[vceit.com/wp/wp-content/uploads/16i-c08.png]
[vceit.com/wp/wp-loginba2b.html]
[vceit.com/wp/informatics/16i-c08/index.html]
[vceit.com/wp/informatics/16i-c1-gantt-hand/index.html]
[vceit.com/wp/informatics-sat/index.html]
[vceit.com/wp/informatics/16i-c08_tn-2/index.html]
[vceit.com/wp/wp-json/oembed/1.0/embede2b4.json]
[vceit.com/wp/correctness-versus-accuracy/feed/index.html]
[vceit.com/wp/avoiding-nested-ifs-in-excel/index.html]
[vceit.com/wp/wp-json/oembed/1.0/embedc49e]
[vceit.com/wp/wp-logine9e4.html]
[vceit.com/wp/correctness-versus-accuracy/index.html]
[vceit.com/wp/wp-json/oembed/1.0/embed6541.json]
[vceit.com/wp/logical-fallacies-and-failures/feed/index.html]
[vceit.com/wp/it-applications-exam-report-is-available/index.html]
[vceit.com/wp/wp-json/oembed/1.0/embed227e]
[vceit.com/wp/wp-login8b2f.html]
[vceit.com/wp/logical-fallacies-and-failures/index.html]
[vceit.com/ppt2016/Legislation-Privacy.pptx]
[vceit.com/ppt2016/Legislation-Copyright.pptx]
[vceit.com/ppt2016/Legislation-Rights-Spam.pptx]
[vceit.com/ppt2016/gantt.pptx]
[vceit.com/ppt2016/hardware.pptx]
[vceit.com/ppt2016/inclusiveness.pptx]
[vceit.com/wp/wp-json/oembed/1.0/embed3cf4.json]
[vceit.com/wp/the-myth-of-brainstorming/feed/index.html]
[vceit.com/wp/key-knowledge-kwiz/index.html]
[vceit.com/wp/wp-json/oembed/1.0/embed5c85]
[vceit.com/wp/wp-login70f7.html]
[vceit.com/wp/the-myth-of-brainstorming/index.html]
[vceit.com/ppt2016/design-ideas.pptx]
[vceit.com/ppt2016/evaluation-criteria.pptx]
[vceit.com/ppt2016/Formats+Conventions-Web.pptx]
[vceit.com/ppt2016/File-Management.pptx]
[vceit.com/ppt2016/PSM4-Evaluation.pptx]
[vceit.com/ppt2016/goals-objectives.pptx]
[vceit.com/ppt2016/networks-hardware.pptx]
[vceit.com/ppt2016/Managing-Ethical-Dilemmas.pptx]
[vceit.com/ppt2016/Threats.pptx]
[vceit.com/wp/wp-login28aa.html]
[vceit.com/ppt2016/Cloud-Computing.pptx]
[vceit.com/wp/indexef92.html]
[vceit.com/wp/indexbaef.html]
[vceit.com/m/it-softdev-specs-samp.html]
[vceit.com/ppt2016/ss_DataDictionary.html]
[vceit.com/ppt2016/ss_mockups.html]
[vceit.com/ppt2016/mockups.pptx]
[vceit.com/ppt2016/Pseudocode.pptx]
[vceit.com/ppt2016/xml.pptx]
[vceit.com/ppt2016/Functions-Statements-etc.pptx]
[vceit.com/ppt2016/SD-Searching.pptx]
[vceit.com/ppt2016/Trace-Tables-Desk-Checks.pptx]
[vceit.com/ppt2016/.html]
[vceit.com/ppt2016/Use-Case-Diagram-UCD.pptx]
[vceit.com/ppt2016/DFD-Design-Tools.ppt]
[vceit.com/ppt2016/DFD-library-example.ppt]
[vceit.com/ppt2016/design-factors.pptx]
[vceit.com/ppt2016/Interfaces.pptx]
[vceit.com/ppt2016/hash.pptx]
[vceit.com/ppt2016/webservers.html]
[vceit.com/ppt2016/SD-Intranet-Internet-VPN.pptx]
[vceit.com/ppt2016/Networks-hardware.html]
[vceit.com/ppt2016/network-audits-errorlogs-tracking.html]
[vceit.com/wp/wp-login1afa.html]
[vceit.com/wp/index3cee.html]
[vceit.com/wp/index586d.html]
[vceit.com/wp/computing-units-1-and-2/vce-computing-unit-1-resources.html]
[vceit.com/ppt2016/Managing Ethical Dilemmas.html]
[vceit.com/wp/wp-login7259.html]
[vceit.com/wp/indexdd92.html]
[vceit.com/wp/index24e5.html]
[vceit.com/m/Approved-vceit.html]
[vceit.com/ppt2016/Networks-LANs+design.ppt]
[vceit.com/ppt2016/network-protocols.ppt]
[vceit.com/etc/vceit-main3.jpg]
[vceit.com/m/toetags.jpg]
[vceit.com/m/schmacho.jpg]
[vceit.com/m/sickdog.jpg]
[vceit.com/m/illiterate.jpg]
[vceit.com/m/pm/cleverdog.jpg]
[vceit.com/m/stamp_of_approval.jpg]
[vceit.com/m/pm/confused-dog.jpg]
[vceit.com/m/pm/14i-A6-7.gif]
[vceit.com/m/pm/14i-A7.gif]
[vceit.com/m/pm/batman-robin.jpg]
[vceit.com/m/spongebob-balloon.jpg]
[vceit.com/m/batdog+robindog.jpg]
[vceit.com/m/pm/dog-sleep.jpg]
[vceit.com/m/pm/14i-B4.gif]
[vceit.com/m/pm/cleverdog2.jpg]
[vceit.com/m/pm/14i-B8.gif]
[vceit.com/m/pm/14i-B9-mockup.gif]
[vceit.com/m/pm/14i-9a-answer.jpg]
[vceit.com/m/pm/14i-B11-mockup.gif]
[vceit.com/m/pm/14i-11ai.jpg]
[vceit.com/m/pm/14i-11b-SS.gif]
[vceit.com/m/pm/14i-11bi-database.jpg]
[vceit.com/m/pm/14i-11bi-spreadsheet.jpg]
[vceit.com/p/postmortem-2014i.html]
[vceit.com/m/pm/equals.jpg]
[vceit.com/m/pm/14s-a11.gif]
[vceit.com/m/happydog.gif]
[vceit.com/m/pm/14s-b05.gif]
[vceit.com/m/pm/14s-b05-solution.gif]
[vceit.com/m/pm/14s-b5.jpg]
[vceit.com/m/pm/14s-cs00-cowtag.jpg]
[vceit.com/m/pm/14s-cs02.gif]
[vceit.com/m/pm/14s-c02.gif]
[vceit.com/m/pm/14s-c02b.gif]
[vceit.com/m/not-impressed.jpg]
[vceit.com/m/pm/14s-c12.gif]
[vceit.com/m/road-sign.jpg]
[vceit.com/m/pm/cow-facebook.jpg]
[vceit.com/m/partydog.jpg]
[vceit.com/p/postmortem-2014s.html]
[vceit.com/etc/mailform.html]
[vceit.com/p/questionstems.html]
[vceit.com/m/ITApps_examrep13.pdf]
[vceit.com/m/rainbows-unicorns.jpg]
[vceit.com/m/pm/13i-a6.jpg]
[vceit.com/m/pm/baddog.jpg]
[vceit.com/m/pm/13i-a9-11.jpg]
[vceit.com/m/pm/13i-a12-13.jpg]
[vceit.com/m/primary-key-8timeszoom.jpg]
[vceit.com/m/spongebob-mental.jpg]
[vceit.com/m/pm/13i-a19-20.jpg]
[vceit.com/m/ERD-sample.png]
[vceit.com/m/ERD-conceptdraw.jpg]
[vceit.com/m/pm/13i-b6.gif]
[vceit.com/m/pm/13i-b7a.gif]
[vceit.com/m/pm/13i-b7b.gif]
[vceit.com/m/pm/13i-B7-ERD-v2.gif]
[vceit.com/m/pm/13i-B7-ERD.gif]
[vceit.com/m/pm/13i-b9a.gif]
[vceit.com/m/pm/13i-b9b.gif]
[vceit.com/m/tickbox.gif]
[vceit.com/m/pm/13i-B11-mockup.jpg]
[vceit.com/m/ITApps_examrep13-11a.gif]
[vceit.com/p/postmortem-2013i.html]
[vceit.com/m/warning_sign.gif]
[vceit.com/m/pm/13s-a01.gif]
[vceit.com/m/pi.gif]
[vceit.com/m/pm/13s-a7+8.gif]
[vceit.com/m/pm/13s-a11.gif]
[vceit.com/m/encouragement_award.jpg]
[vceit.com/m/pm/13s-b06.gif]
[vceit.com/m/pm/13s-cs1.gif]
[vceit.com/m/pm/13s-cs2.gif]
[vceit.com/m/pm/13s-cs3.gif]
[vceit.com/m/pm/13s-cs4.gif]
[vceit.com/m/pm/13s-cs5.gif]
[vceit.com/m/queue.jpg]
[vceit.com/m/stack-plates.jpg]
[vceit.com/m/gooddog.jpg]
[vceit.com/p/postmortem-2013s.html]
[vceit.com/p/draft-feedback-2016.html]
[vceit.com/wp/wp-login25a6.html]
[vceit.com/wp/index27ac.html]
[vceit.com/wp/indexe440.html]
[vceit.com/m/toetags2016.jpg]
[use.edgefonts.net/courier-prime_n4_default.js]
[vceit.com/m/pm/dog-naughty-step.jpg]
[vceit.com/m/pm/16i-a07.png]
[vceit.com/m/pm/16i-a09.png]
[vceit.com/m/pm/dog-stupid.jpg]
[vceit.com/m/pm/16i-a11.png]
[vceit.com/m/pm/16i-a11-gantt1.png]
[vceit.com/m/pm/16i-a11-gantt2.png]
[vceit.com/m/pm/16i-a12.png]
[vceit.com/m/pm/16i-a13.png]
[vceit.com/m/pm/16i-a13b.png]
[vceit.com/m/pm/16i-a16.png]
[vceit.com/m/pm/16i-a17a.png]
[vceit.com/m/pm/16i-a17b.png]
[vceit.com/m/pm/16i-a17c.png]
[vceit.com/m/pm/16i-a17d.png]
[vceit.com/m/pm/16i-a18.png]
[vceit.com/m/pm/16i-a19.png]
[vceit.com/m/pm/16i-b01b.png]
[vceit.com/m/pm/16i-b01b-answer.png]
[vceit.com/m/stupidshoes-16i-b1b.jpg]
[vceit.com/m/pm/16i-b05.png]
[vceit.com/m/pm/16i-cs01.png]
[vceit.com/m/pm/16i-cs02.png]
[vceit.com/m/pm/16i-c01.png]
[vceit.com/m/pm/16i-c1-gantt.png]
[vceit.com/m/pm/16i-c1-gantt_tn.png]
[vceit.com/m/pm/16i-c1-gantt-hand.png]
[vceit.com/m/pm/16i-c01.jpg]
[vceit.com/m/pm/16i-c08.png]
[www.conceptdraw.com/How-To-Guide/picture/Chen-ERD--sample.png]
[vceit.com/m/pm/16i-c09.png]
[vceit.com/m/pm/16i-c11.png]
[vceit.com/m/pm/16i-c12.png]
[vceit.com/p/postmortem-2016i.html]
[vceit.com/m/scared-dogs.jpg]
[vceit.com/m/pm/16s-a03.png]
[vceit.com/m/pm/16s-a05.png]
[vceit.com/m/pm/16s-a09.png]
[vceit.com/m/pm/16s-b01.png]
[vceit.com/m/pm/16s-b04a.png]
[vceit.com/m/pm/16s-b04a-answer.png]
[vceit.com/m/stamp_of_approval-trans.png]
[vceit.com/m/pm/16s-cs01.png]
[vceit.com/m/pm/16s-c01.png]
[vceit.com/m/pm/16s-c01a-answer.png]
[vceit.com/m/pm/16s-c03.png]
[vceit.com/m/pm/16s-c03a-answer1.png]
[vceit.com/m/pm/16s-c03a-answer2.png]
[vceit.com/m/pm/16s-c03-solution.jpg]
[vceit.com/m/pm/16s-c04a.png]
[vceit.com/m/pm/16s-c04b.png]
[vceit.com/m/pm/16s-c05.png]
[vceit.com/m/pm/16s-c05-answer.png]
[vceit.com/m/pm/16s-c11.png]
[vceit.com/m/pm/16s-c12b.png]
[vceit.com/p/postmortem-2016s.html]
[vceit.com/m/pm/11i-a06.jpg]
[vceit.com/m/pm/11i-a18.jpg]
[vceit.com/m/pm/11i-b04.jpg]
[vceit.com/m/pm/11i-B6f-erd.jpg]
[vceit.com/m/pm/11i-6f-bachman.jpg]
[vceit.com/m/pm/11i-b09.jpg]
[vceit.com/m/pm/11i-b10a.jpg]
[vceit.com/m/pm/11i-b10b.jpg]
[vceit.com/m/pm/11i-B10c.jpg]
[vceit.com/m/pm/11i-10b.jpg]
[vceit.com/p/postmortem-2011i.html]
[vceit.com/m/pm/12i-B7.jpg]
[vceit.com/m/pm/12i-b9.jpg]
[vceit.com/p/postmortem-2012i.html]
[vceit.com/m/pm/15i-a06.gif]
[vceit.com/m/pm/15i-a09.gif]
[vceit.com/m/pm/15i-a13.gif]
[vceit.com/m/pm/15i-a14.gif]
[vceit.com/m/pm/15i-a16.gif]
[vceit.com/m/security-dog.jpg]
[vceit.com/m/pm/15i-b07.gif]
[vceit.com/m/pm/15i-b10.gif]
[vceit.com/p/postmortem-2015i.html]
[vceit.com/m/pm/11s-A7.jpg]
[vceit.com/m/pm/11s-A8.jpg]
[vceit.com/m/pm/11s-A18a.jpg]
[vceit.com/m/pm/11s-a18b.jpg]
[vceit.com/m/pm/11s-a20.jpg]
[vceit.com/m/pm/11s-b2.jpg]
[vceit.com/m/pm/11s-cs1.jpg]
[vceit.com/m/pm/11s-cs02.jpg]
[vceit.com/m/pm/11s-cs03.jpg]
[vceit.com/m/pm/11s-cs04.jpg]
[vceit.com/m/pm/11s-cs05.jpg]
[vceit.com/m/pm/11s-cs-ucd.jpg]
[vceit.com/m/pm/11s-cs-cdu.jpg]
[vceit.com/m/pm/11s-cs-parking.jpg]
[vceit.com/m/pm/11s-dfd.jpg]
[vceit.com/m/pm/11s-c05.jpg]
[vceit.com/m/pm/11s-c07.jpg]
[vceit.com/m/pm/11s-c09.jpg]
[vceit.com/p/postmortem-2011s.html]
[vceit.com/m/schmackomaybe.jpg]
[vceit.com/m/pm/12s-a7.jpg]
[vceit.com/m/pm/12s-a8.jpg]
[vceit.com/m/pm/12s-a13.jpg]
[vceit.com/m/pm/12s-B5-examreport.gif]
[vceit.com/m/pm/12s-casestudy3.jpg]
[vceit.com/m/pm/12s-casesstudy4.jpg]
[vceit.com/m/pm/12s-casestudy10002.jpg]
[vceit.com/m/pm/12s-casestudy10001.jpg]
[vceit.com/m/pm/12s-casesstudy5.jpg]
[vceit.com/m/pm/12s-c2.jpg]
[vceit.com/m/pm/12s-c3.jpg]
[vceit.com/m/pm/12s-C3-examreport.gif]
[vceit.com/m/MeGusta.png]
[vceit.com/p/postmortem-2012s.html]
[vceit.com/m/pm/15s-a03.gif]
[vceit.com/m/pm/15s-b02.gif]
[vceit.com/m/pm/15s-b02sol.gif]
[vceit.com/m/pm/15s-b02sol2.gif]
[vceit.com/m/pm/15s-b02sol3.gif]
[vceit.com/m/pm/15s-b02-examiner.gif]
[vceit.com/m/pm/15s-cs01.gif]
[vceit.com/m/pm/15s-c03.gif]
[vceit.com/m/pm/15s-c03b.gif]
[vceit.com/m/pm/15s-c04.gif]
[vceit.com/p/postmortem-2015s.html]
[vceit.com/m/pm/07i-a05.jpg]
[vceit.com/m/pm/07i-a12.jpg]
[vceit.com/m/pm/07i-a16.jpg]
[vceit.com/m/pm/07i-a18.jpg]
[vceit.com/m/pm/07i-a20a.jpg]
[vceit.com/m/pm/07i-a20b.jpg]
[vceit.com/m/pm/07i-b01.jpg]
[vceit.com/m/pm/07i-b03.jpg]
[vceit.com/m/pm/07i-b04.jpg]
[vceit.com/m/pm/07i-b05.jpg]
[vceit.com/m/pm/07i-b06.jpg]
[vceit.com/m/pm/07i-b08.jpg]
[vceit.com/m/pm/07i-b09.jpg]
[vceit.com/m/pm/07i-b11a.jpg]
[vceit.com/m/pm/07i-b11d.jpg]
[vceit.com/m/pm/07i-b12.jpg]
[vceit.com/p/postmortem-2007i.html]
[vceit.com/m/pm/08i-a7.jpg]
[vceit.com/m/pm/08i-a19.jpg]
[vceit.com/m/pm/08i-a20.gif]
[vceit.com/m/pm/08i-sectionAchart.jpg]
[vceit.com/m/pm/08i-b2.jpg]
[vceit.com/m/pm/08i-b3.jpg]
[vceit.com/m/pm/08i-b5.jpg]
[vceit.com/m/pm/08i-b6b.jpg]
[vceit.com/m/pm/08i-b6.jpg]
[vceit.com/m/pm/08i-arrow.gif]
[vceit.com/m/pm/08i-milestone.gif]
[vceit.com/m/pm/08i-Q8.gif]
[vceit.com/m/pm/08i-b10.jpg]
[vceit.com/m/pm/08i-12e.xls]
[vceit.com/m/pm/08i-sectionBchart.jpg]
[vceit.com/p/postmortem-2008i.html]
[vceit.com/m/sickdogbig.jpg]
[vceit.com/m/pm/09i-a04.jpg]
[vceit.com/m/pm/09i-a07.jpg]
[vceit.com/m/pm/09i-a11.jpg]
[vceit.com/m/pm/09i-a18.jpg]
[vceit.com/m/pm/09i-b04.jpg]
[vceit.com/m/pm/09i-b09.jpg]
[vceit.com/m/pm/09i-b10.jpg]
[vceit.com/m/pm/09i-b10-pert.gif]
[vceit.com/m/pm/09i-b11-form.jpg]
[vceit.com/m/pm/09i-b11d.jpg]
[vceit.com/m/pm/09i-b12a.jpg]
[vceit.com/m/pm/09i-b12fixed.jpg]
[vceit.com/m/pm/09i-b12c.jpg]
[vceit.com/m/pm/09i-b12e.jpg]
[vceit.com/m/pm/clown.jpg]
[vceit.com/m/pm/09i-B12prototype.xls]
[vceit.com/p/postmortem-2009i.html]
[vceit.com/m/pm/10i-a3.jpg]
[vceit.com/m/pm/10i-a6789.jpg]
[vceit.com/m/pm/10i-a15.jpg]
[vceit.com/m/pm/10i-a16.jpg]
[vceit.com/m/pm/10i-a20.jpg]
[vceit.com/m/pm/10i-b4.jpg]
[vceit.com/m/pm/10i-b5.jpg]
[vceit.com/m/pm/10i-assrep-gantt-solution.gif]
[vceit.com/m/pm/10i-b6a.jpg]
[vceit.com/m/pm/10i-b6b.jpg]
[vceit.com/m/pm/10i-b6c.jpg]
[vceit.com/m/pm/10i-b7.jpg]
[vceit.com/m/pm/10i-b11.jpg]
[vceit.com/m/pm/10i-b11d.jpg]
[vceit.com/p/postmortem-2010i.html]
[vceit.com/m/pm/07s-a05.gif]
[vceit.com/m/pm/07s-a17.gif]
[vceit.com/m/pm/07s-insert.gif]
[vceit.com/m/pm/07s-c01.gif]
[vceit.com/m/pm/07s-c02a.gif]
[vceit.com/m/pm/07s-c02b.gif]
[vceit.com/m/pm/07s-c02c.gif]
[vceit.com/m/pm/07s-c02a-correct.jpg]
[vceit.com/m/pm/07s-pseudo.gif]
[vceit.com/m/pm/07s-gantt.gif]
[vceit.com/m/pm/07s-c11.gif]
[vceit.com/m/pm/07s-c12.gif]
[vceit.com/m/banana_dance.gif]
[vceit.com/m/discobanana.gif]
[vceit.com/p/postmortem-2007s.html]
[vceit.com/m/pm/08s-image001.gif]
[vceit.com/m/pm/08s-image002.gif]
[vceit.com/m/pm/08s-image003.jpg]
[vceit.com/m/pm/08s-image004.jpg]
[vceit.com/m/pm/08s-image006.jpg]
[vceit.com/m/pm/08s-image005.jpg]
[vceit.com/m/pm/08s-image007.jpg]
[vceit.com/m/pm/08s-image009.jpg]
[vceit.com/m/pm/08s-image010.jpg]
[vceit.com/p/postmortem-2008s.html]
[vceit.com/m/happydog2.gif]
[vceit.com/m/pm/09s-a12-16.jpg]
[vceit.com/m/pm/09s-a12.jpg]
[vceit.com/m/meatybites.jpg]
[vceit.com/m/pm/09s-a17-18.jpg]
[vceit.com/m/pm/09s-a18.jpg]
[vceit.com/m/pm/09s-a19.jpg]
[vceit.com/m/pm/09s-cs-fig1.jpg]
[vceit.com/m/pm/09s-cs-fig2.jpg]
[vceit.com/m/pm/09s-cs-fig3.jpg]
[vceit.com/p/postmortem-2009s.html]
[vceit.com/m/pm/10s-a05-7.jpg]
[vceit.com/m/pm/10s-a08-9.jpg]
[vceit.com/m/pm/10s-a16.jpg]
[vceit.com/m/pm/10s-a19.jpg]
[vceit.com/m/pm/10s-a19b.jpg]
[vceit.com/m/pm/10s-a19-ns.jpg]
[vceit.com/m/pm/10s-a20.jpg]
[vceit.com/m/pm/10s-cs1.jpg]
[vceit.com/m/pm/10s-cs2.jpg]
[vceit.com/m/pm/10s-cs3.jpg]
[vceit.com/m/pm/10s-c2.jpg]
[vceit.com/m/pm/10s-c4.jpg]
[vceit.com/m/pm/10s-c9.jpg]
[vceit.com/p/postmortem-2010s.html]
[vceit.com/m/pm/01i-Q9.gif]
[vceit.com/m/pm/01i-Q10.gif]
[vceit.com/p/postmortem-2001i.html]
[vceit.com/m/redtick.gif]
[vceit.com/m/pm/02i-Q4.gif]
[vceit.com/m/pm/02i-Q8.gif]
[vceit.com/m/pm/02i-Q10.gif]
[vceit.com/p/postmortem-2002i.html]
[vceit.com/m/pm/03i-q11.jpg]
[vceit.com/m/pm/03i-q15.jpg]
[vceit.com/m/pm/03i-q16.jpg]
[vceit.com/etc/sidebar.jpg]
[vceit.com/m/pm/03i-qb3.gif]
[vceit.com/m/pm/03i-qb8.gif]
[vceit.com/m/pm/03i-q9.jpg]
[vceit.com/m/pm/03i-qb15.gif]
[vceit.com/m/pm/03i-qb15-cp.gif]
[vceit.com/p/postmortem-2003i.html]
[vceit.com/m/pm/breakfast.jpg]
[vceit.com/m/pm/04i-S1-02.jpg]
[vceit.com/m/pm/04i-S1-06.gif]
[vceit.com/m/lab.jpg]
[vceit.com/m/pm/04i-S1-12.gif]
[vceit.com/m/pm/04i-S1-14.gif]
[vceit.com/m/pm/04i-S1-17.jpg]
[vceit.com/m/pm/04i-page11.jpg]
[vceit.com/m/pm/04i-s6-01.gif]
[vceit.com/m/pm/04i-s6-02-finished.gif]
[vceit.com/m/talkback.jpg]
[vceit.com/m/pm/04i-page24a.gif]
[vceit.com/m/fatdog.jpg]
[vceit.com/m/pm/blink.gif]
[vceit.com/p/postmortem-2004i.html]
[vceit.com/m/pm/05i-exam-q10.gif]
[vceit.com/m/pm/05i-q8.jpg]
[vceit.com/m/pm/05i-q12pic.jpg]
[vceit.com/m/whippet.jpg]
[vceit.com/p/postmortem-2005i.html]
[vceit.com/m/pm/06i-lan2.jpg]
[vceit.com/m/pm/06i-vcaa.jpg]
[vceit.com/m/pm/06i-chart.jpg]
[vceit.com/m/pm/06i-folders.jpg]
[vceit.com/m/pm/06i-vicroads.jpg]
[vceit.com/m/pm/06i-flowchart.jpg]
[vceit.com/m/pm/06i-flowchart-q7.gif]
[vceit.com/m/pussycat.gif]
[vceit.com/p/postmortem-2006i.html]
[vceit.com/m/pm/06s-a2.jpg]
[vceit.com/m/pm/06s-a6.jpg]
[vceit.com/m/pm/06s-a6c.jpg]
[vceit.com/m/pm/06s-a6c2b.jpg]
[vceit.com/m/woot.gif]
[vceit.com/m/pm/06s-insert1.jpg]
[vceit.com/m/pm/06s-insert2.jpg]
[vceit.com/m/pm/06s-insert3.jpg]
[vceit.com/m/pm/06s-b2.jpg]
[vceit.com/m/pm/06s-b4.jpg]
[vceit.com/m/pm/06s-b4c.jpg]
[vceit.com/p/postmortem-2006s.html]
[vceit.com/wp/wp-login5a18.html]
[vceit.com/wp/indexe947.html]
[vceit.com/wp/index2037.html]
[vceit.com/wp/index68cd.html]
[vceit.com/wp/indexb85c.html]
[vceit.com/wp/wp-includes/fonts/dashicons2ce6.ttf]
[vceit.com/wp/wp-includes/css/dashicons.minac12.css]
[vceit.com/wp/wp-includes/css/buttons.minac12.css]
[vceit.com/wp/wp-admin/images/loading.gif]
[vceit.com/wp/wp-admin/css/forms.minac12.css]
[vceit.com/wp/wp-admin/css/l10n.minac12.css]
[vceit.com/wp/wp-includes/fonts/dashicons2ce6.eot]
[vceit.com/wp/wp-admin/images/w-logo-blue7a53.png]
[vceit.com/wp/wp-admin/images/wordpress-logo7d6b.svg]
[vceit.com/wp/wp-admin/css/login.minac12.css]
[vceit.com/wp/indexe8cd.html]
[vceit.com/wp/wp-login.html]
[vceit.com/wp/wp-loginc2b6.html]
[vceit.com/wp/index38bf.html]
[vceit.com/wp/indexb2e1.html]
[vceit.com/wp/wp-login0a2a.html]
[vceit.com/wp/index5f81.html]
[vceit.com/wp/index2d68.html]
[vceit.com/wp/indexbbcb.html]
[vceit.com/wp/index4018.html]
[vceit.com/wp/index814e.html]
[vceit.com/wp/index6b77.html]
[vceit.com/wp/index7e0e.html]
[vceit.com/wp/index80c0.html]
[vceit.com/wp/the-new-informatics-exam-format-has-been-announced/feed/index.html]
[vceit.com/wp/wp-json/oembed/1.0/embedf7b0.json]
[vceit.com/wp/a-sad-tale-of-creeping-data-rot-and-general-obsolescence/index.html]
[vceit.com/wp/wp-json/oembed/1.0/embedfa64]
[vceit.com/wp/wp-login88a3.html]
[vceit.com/wp/the-new-informatics-exam-format-has-been-announced/index.html]
[vceit.com/ppt2016/selectiion-sort.html]
[vceit.com/wp/index07cd.html]
[vceit.com/wp/indexe871.html]
[vceit.com/wp/index2ef2.html]
[vceit.com/wp/indexdc42.html]
[vceit.com/wp/index4407.html]
[vceit.com/wp/index3d88.html]
[vceit.com/wp/category/uncategorized/feed/index.html]
[imgs.xkcd.com/comics/old_days.png]
[vceit.com/wp/category/uncategorized/index.html]
[vceit.com/wp/correctness-versus-accuracy-2/index.html]
[vceit.com/wp/interbits/index.html]
[vceit.com/wp/author/mark/index.html]
[vceit.com/wp/apple-does-something-right-wow/index.html]
[vceit.com/wp/category/uncategorized/page/2/index.html]
[vceit.com/wp/wp-login4d2f.html]
[vceit.com/wp/author/mark/feed/index.html]
[vceit.com/wp/author/mark/page/2/index.html]
[vceit.com/ppt2016/websites-data.pptx]
[vceit.com/ppt2016/data-collection-techniques.pptx]
[vceit.com/ppt2016/data-entry-controls.pptx]
[vceit.com/ppt2016/Data-Types.pptx]
[vceit.com/ppt2016/Data-Security.pptx]
[vceit.com/ppt2016/Databases-Purposes.pptx]
[vceit.com/ppt2016/Databases-Struc-Datatypes-Naming.pptx]
[vceit.com/ppt2016/FileNaming.pptx]
[vceit.com/ppt2016/Database-Normalisation.pptx]
[vceit.com/ppt2016/database-normalisation-forms.ppt]
[vceit.com/ppt2016/Design-Tools-ERD.pptx]
[vceit.com/ppt2016/design-principles.pptx]
[vceit.com/ppt2016/DataDictionary.pptx]
[vceit.com/ppt2016/Design-Tools-Website.pptx]
[vceit.com/ppt2016/validation.pptx]
[vceit.com/wp/index0143.html]
[vceit.com/ppt2016/test-data.pptx]
[vceit.com/ppt2016/user-flow-diagrams-UFD.pptx]
[vceit.com/wp/index1491.html]
[vceit.com/wp/wp-json/oembed/1.0/embedd966.json]
[vceit.com/wp/informatics/16i-c1-gantt-hand/feed/index.html]
[vceit.com/wp/wp-json/oembed/1.0/embed625e]
[vceit.com/wp/wp-content/uploads/16i-c1-gantt-hand.png]
[vceit.com/wp/wp-login495a.html]
[vceit.com/wp/informatics/16i-c1-gantt-hand/index.html]
[vceit.com/wp/informatics/16i-c1-gantt_tn/index.html]
[vceit.com/wp/wp-json/oembed/1.0/embede96c.json]
[vceit.com/wp/informatics/16i-c08_tn-2/feed/index.html]
[vceit.com/wp/wp-json/oembed/1.0/embed6dd3]
[vceit.com/wp/wp-content/uploads/16i-c08_tn-1.jpg]
[vceit.com/wp/wp-login00a3.html]
[vceit.com/wp/informatics/16i-c08_tn-2/index.html]
[vceit.com/wp/wp-loginba2b.html]
[vceit.com/wp/informatics/16i-c09/index.html]
[vceit.com/wp/wp-json/oembed/1.0/embedab0c.json]
[vceit.com/wp/avoiding-nested-ifs-in-excel/feed/index.html]
[vceit.com/wp/the-cms-site/index.html]
[vceit.com/wp/wp-json/oembed/1.0/embed817f]
[vceit.com/wp/author/nylon/index.html]
[vceit.com/wp/wp-content/uploads/2015/06/nasty-if-months1-300x203.jpg]
[vceit.com/wp/wp-content/uploads/2015/06/nasty-if-months2.jpg]
[vceit.com/wp/wp-content/uploads/2015/06/nasty-if-sol4a.gif]
[vceit.com/wp/wp-content/uploads/2015/06/nasty-if-sol4b.jpg]
[vceit.com/wp/wp-content/uploads/2015/06/nasty-if-hvlookup.jpg]
[vceit.com/wp/wp-content/uploads/2015/06/nasty-if-salarydegree0.jpg]
[vceit.com/wp/wp-content/uploads/2015/06/nasty-if-salarydegree1.jpg]
[vceit.com/wp/wp-content/uploads/2015/06/nasty-if-salarydegree2.jpg]
[vceit.com/wp/wp-content/uploads/2015/06/nasty-if-probation1.jpg]
[vceit.com/wp/wp-content/uploads/2015/06/nasty-if-probation2.jpg]
[vceit.com/wp/wp-content/uploads/2015/06/nasty-if-challenge8.gif]
[vceit.com/wp/wp-content/uploads/2015/06/nasty-if-challenge8b.gif]
[vceit.com/wp/wp-login3af6.html]
[vceit.com/wp/avoiding-nested-ifs-in-excel/index.html]
[vceit.com/wp/indexc90a.html]
[vceit.com/wp/index2412.html]
[vceit.com/wp/wp-logine9e4.html]
[vceit.com/wp/wp-json/oembed/1.0/embed76b1.json]
[vceit.com/wp/it-applications-exam-report-is-available/feed/index.html]
[vceit.com/wp/wp-json/oembed/1.0/embedcce7]
[vceit.com/wp/wp-login8516.html]
[vceit.com/wp/it-applications-exam-report-is-available/index.html]
[vceit.com/wp/indexc474.html]
[vceit.com/wp/indexce91.html]
[vceit.com/wp/wp-login8b2f.html]
[vceit.com/ppt2016/Legislation-Privacy.pptx]
[vceit.com/ppt2016/Legislation-Copyright.pptx]
[vceit.com/ppt2016/Legislation-Rights-Spam.pptx]
[vceit.com/ppt2016/gantt.pptx]
[vceit.com/ppt2016/hardware.pptx]
[vceit.com/ppt2016/inclusiveness.pptx]
[vceit.com/wp/wp-json/oembed/1.0/embedaf4a.json]
[vceit.com/wp/key-knowledge-kwiz/feed/index.html]
[vceit.com/wp/wp-json/oembed/1.0/embeddba9]
[vceit.com/wp/wp-login9e5a.html]
[vceit.com/wp/key-knowledge-kwiz/index.html]
[vceit.com/wp/index1762.html]
[vceit.com/wp/index215c.html]
[vceit.com/wp/wp-login70f7.html]
[vceit.com/ppt2016/design-ideas.pptx]
[vceit.com/ppt2016/evaluation-criteria.pptx]
[vceit.com/ppt2016/Formats+Conventions-Web.pptx]
[vceit.com/ppt2016/File-Management.pptx]
[vceit.com/ppt2016/PSM4-Evaluation.pptx]
[vceit.com/ppt2016/goals-objectives.pptx]
[vceit.com/ppt2016/Managing-Ethical-Dilemmas.pptx]
[vceit.com/ppt2016/networks-hardware.pptx]
[vceit.com/ppt2016/Threats.pptx]
[vceit.com/ppt2016/Cloud-Computing.pptx]
[vceit.com/wp/index361e.html]
[vceit.com/ppt2016/mockups.pptx]
[vceit.com/ppt2016/Pseudocode.pptx]
[vceit.com/ppt2016/xml.pptx]
[vceit.com/ppt2016/Functions-Statements-etc.pptx]
[vceit.com/ppt2016/SD-Searching.pptx]
[vceit.com/ppt2016/Trace-Tables-Desk-Checks.pptx]
[vceit.com/ppt2016/Use-Case-Diagram-UCD.pptx]
[vceit.com/ppt2016/DFD-Design-Tools.ppt]
[vceit.com/ppt2016/design-factors.pptx]
[vceit.com/ppt2016/Interfaces.pptx]
[vceit.com/ppt2016/hash.pptx]
[vceit.com/ppt2016/SD-Intranet-Internet-VPN.pptx]
[vceit.com/wp/index74c3.html]
[vceit.com/ppt2016/Networks-LANs+design.ppt]
[vceit.com/ppt2016/network-protocols.ppt]
[vceit.com/wp/index690b.html]
[vceit.com/etc/css.css]
[vceit.com/m/pm/17i-a01-5.gif]
[vceit.com/m/pm/17i-a17-18.gif]
[vceit.com/m/pm/17i-b07.gif]
[vceit.com/m/pm/17i-b07ci.gif]
[vceit.com/m/pm/17i-casestudy.gif]
[vceit.com/m/pm/17i-c05-06.gif]
[vceit.com/m/pm/17i-c07.gif]
[vceit.com/m/pm/17i-c08.gif]
[vceit.com/p/postmortem-2017i.html]
[vceit.com/wp/index7ab4.html]
[vceit.com/m/pm/16i-c1-gantt-project.html]
[vceit.com/selection-sort.html]
[vceit.com/p/00-psm2011.html]
[vceit.com/p/b5.html]
[vceit.com/p/b6.html]
[vceit.com/p/a20.html]
[vceit.com/p/b10.html]
[pagead2.googlesyndication.com/pagead/showads.html]
[vceit.com/m/ITApps_examrep13.pdf]
[vceit.com/favicon.ico]
[vceit.com/index-2.html]
[vceit.com/m/laws-pizza-privacy.jpg]
[vceit.com/m/laws-privacy-thumb.jpg]
[vceit.com/m/laws-privacy-statement1.jpg]
[vceit.com/m/laws-privacy-statement2.jpg]
[vceit.com/m/laws-privacy-statement3.jpg]
[vceit.com/m/laws-privacy-statement4.jpg]
[vceit.com/m/laws-privacy-statement5.jpg]
[vceit.com/p/laws-privacy-act.html]
[vceit.com/etc/linkppt.gif]
[vceit.com/m/design-hierarchy-diagram.jpg]
[www.un.org/media/chart/unsyst.2f9.delayed]
[vceit.com/m/design-unitednations-orgchart.gif]
[vceit.com/m/design-decisiontree.gif]
[vceit.com/m/dfd.jpg]
[vceit.com/m/datastrucchart.jpg]
[vceit.com/m/datastructable.jpg]
[vceit.com/m/datastrucdiag.jpg]
[vceit.com/m/datastruct-erd.gif]
[vceit.com/m/nassi-shneiderman.jpg]
[vceit.com/m/ERD-sample_tn.png]
[vceit.com/p/designtools.html]
[vceit.com/p/conventions-styleguide.html]
[vceit.com/m/gantt-pert-gantt.gif]
[vceit.com/m/gantt-pert-gantt9b.gif]
[vceit.com/m/gantt-pert-gantt-fixed.gif]
[vceit.com/p/gantt-pert-gantt-tute.html]
[vceit.com/wp/index61ad.html]
[vceit.com/wp/wp-admin/images/wordpress-logo7d6b.svg]
[vceit.com/wp/index2f39.html]
[vceit.com/wp/wp-login.html]
[vceit.com/wp/index9874.html]
[vceit.com/wp/wp-json/oembed/1.0/embed9b5c.json]
[vceit.com/wp/a-sad-tale-of-creeping-data-rot-and-general-obsolescence/feed/index.html]
[vceit.com/wp/wp-json/oembed/1.0/embed149b]
[vceit.com/wp/wp-login5475.html]
[vceit.com/wp/a-sad-tale-of-creeping-data-rot-and-general-obsolescence/index.html]
[vceit.com/wp/index3153.html]
[vceit.com/wp/index6d83.html]
[vceit.com/wp/wp-login88a3.html]
[vceit.com/wp/indexe342.html]
[vceit.com/wp/wp-json/oembed/1.0/embed8f05.json]
[vceit.com/wp/correctness-versus-accuracy-2/feed/index.html]
[vceit.com/wp/wp-json/oembed/1.0/embedc336]
[vceit.com/wp/wp-login175f.html]
[vceit.com/wp/correctness-versus-accuracy-2/index.html]
[vceit.com/wp/wp-json/oembed/1.0/embeddcb4.json]
[vceit.com/wp/interbits/feed/index.html]
[vceit.com/wp/wp-json/oembed/1.0/embed0933]
[vceit.com/wp/wp-login3bd2.html]
[vceit.com/wp/interbits/index.html]
[vceit.com/wp/wp-json/oembed/1.0/embed24d7.json]
[vceit.com/wp/apple-does-something-right-wow/feed/index.html]
[vceit.com/wp/wp-json/oembed/1.0/embed9cc5]
[vceit.com/wp/wp-login2160.html]
[vceit.com/wp/apple-does-something-right-wow/index.html]
[vceit.com/wp/category/uncategorized/page/2/index.html]
[vceit.com/wp/indexe44b.html]
[vceit.com/wp/author/mark/page/2/index.html]
[vceit.com/wp/index27e8.html]
[vceit.com/wp/index881d.html]
[vceit.com/wp/index5fa3.html]
[vceit.com/wp/wp-json/oembed/1.0/embedcff5.json]
[vceit.com/wp/informatics/16i-c1-gantt_tn/feed/index.html]
[vceit.com/wp/wp-json/oembed/1.0/embed20a5]
[vceit.com/wp/wp-content/uploads/16i-c1-gantt_tn.png]
[vceit.com/wp/wp-login1a3e.html]
[vceit.com/wp/informatics/16i-c1-gantt_tn/index.html]
[vceit.com/wp/wp-login495a.html]
[vceit.com/wp/index9646.html]
[vceit.com/wp/index1452.html]
[vceit.com/wp/informatics/16i-c1-gantt/index.html]
[vceit.com/wp/wp-json/oembed/1.0/embedc4dc.json]
[vceit.com/wp/informatics/16i-c09/feed/index.html]
[vceit.com/wp/wp-json/oembed/1.0/embedb9fb]
[vceit.com/wp/wp-content/uploads/16i-c09.png]
[vceit.com/wp/wp-login5f48.html]
[vceit.com/wp/informatics/16i-c09/index.html]
[vceit.com/wp/wp-login00a3.html]
[vceit.com/wp/informatics/16i-c11/index.html]
[vceit.com/wp/indexbbef.html]
[vceit.com/wp/wp-json/oembed/1.0/embed42b9.json]
[vceit.com/wp/the-cms-site/feed/index.html]
[vceit.com/wp/wp-json/oembed/1.0/embed0f14]
[vceit.com/wp/wp-login78ee.html]
[vceit.com/wp/the-cms-site/index.html]
[vceit.com/wp/index80ad.html]
[vceit.com/wp/index1677.html]
[vceit.com/wp/author/nylon/feed/index.html]
[vceit.com/wp/author/nylon/index.html]
[vceit.com/wp/etc/mailform.html]
[vceit.com/wp/m/nasty-if-months.html]
[vceit.com/m/nasty-if-challenge4.html]
[vceit.com/m/nasty-if-hvlookup.html]
[vceit.com/m/nasty-if-salary-degree.html]
[vceit.com/m/nasty-if-probation.html]
[vceit.com/m/nasty-if-challenge8.html]
[vceit.com/wp/wp-login3af6.html]
[vceit.com/wp/index46a1.html]
[vceit.com/wp/index62d8.html]
[vceit.com/wp/indexcc82.html]
[vceit.com/wp/wp-login8516.html]
[vceit.com/wp/index88ba.html]
[vceit.com/wp/indexa63d.html]
[vceit.com/wp/index4d5b.html]
[vceit.com/wp/wp-login9e5a.html]
[vceit.com/wp/index906b.html]
[vceit.com/m/pm/17i-c09.html]
[vceit.com/m/pm/2017s-a06.png]
[vceit.com/m/pm/2017s-a18.png]
[vceit.com/m/pm/2017s-cs.png]
[vceit.com/m/pm/2017s-c01.png]
[vceit.com/m/pm/2017s-c02.png]
[vceit.com/m/pm/2017s-c05.png]
[vceit.com/m/pm/2017s-c08.png]
[vceit.com/m/pm/2017s-c09.png]
[vceit.com/m/pm/2017s-c10.png]
[vceit.com/p/postmortem-2017s.html]
[vceit.com/news.html]
[vceit.com/p/disclaimer.html]
[vceit.com/p/laws-copyright1968.html]
[vceit.com/slideshows/Design-Tools-Database.html]
[vceit.com/slideshows/Design-Tools-Website.html]
[vceit.com/slideshows/SD-Design-Tools-DFD.html]
[vceit.com/m/systemflowcharts-sysflowchart.gif]
[vceit.com/m/systemflowcharts-garage.gif]
[vceit.com/p/systemflowcharts.html]
[vceit.com/m/flowchart.jpg]
[vceit.com/m/elecpub-idea.gif]
[vceit.com/m/flow-begin-end.gif]
[vceit.com/m/flow-process.gif]
[vceit.com/m/flow-decision.gif]
[vceit.com/m/flow-if-sample.gif]
[vceit.com/m/flow-data.gif]
[vceit.com/m/flow-magdisk.gif]
[vceit.com/m/flow-directaccessstorage.gif]
[vceit.com/m/flow-subroutine.gif]
[vceit.com/m/flow-delay.gif]
[vceit.com/m/flow-display.gif]
[vceit.com/m/flow-document.gif]
[vceit.com/m/flow-internalstorage.gif]
[vceit.com/m/flow-manualinput.gif]
[vceit.com/m/flow-manualoperation.gif]
[vceit.com/m/flow-merge.gif]
[vceit.com/m/flow-or.gif]
[vceit.com/m/flow-preparation.gif]
[vceit.com/m/flow-sequentialaccessstorage.gif]
[vceit.com/m/flow-sort.gif]
[vceit.com/m/flow-storeddata.gif]
[vceit.com/m/flow-summingfunction.gif]
[vceit.com/m/flow-collate.gif]
[vceit.com/m/flow-connector.gif]
[vceit.com/m/flowchart-uucc.gif]
[vceit.com/m/flow-greenhouseflowchart.gif]
[vceit.com/p/flowcharts.html]
[vceit.com/m/nassi-shneiderman-image002.gif]
[vceit.com/m/nassi-shneiderman-image003.gif]
[vceit.com/m/nassi-shneiderman-image004.gif]
[vceit.com/m/nassi-shneiderman-image005.gif]
[vceit.com/m/nassi-shneiderman-image006.gif]
[vceit.com/m/nassi-shneiderman-image007.gif]
[vceit.com/m/nassi-shneiderman-image008.gif]
[vceit.com/m/nassi-shneiderman-image009.gif]
[vceit.com/p/nassi-shneiderman.html]
[vceit.com/m/dfd-shapes.jpg]
[vceit.com/m/dfdexample.gif]
[vceit.com/m/dfd-gs-datastore.gif]
[vceit.com/m/dfd-yc-datastore.gif]
[vceit.com/m/dfd-Quiz_Software_L.jpg]
[vceit.com/m/dfd-visualcase-DFD.jpg]
[vceit.com/p/dfd.html]
[vceit.com/m/prototype_phone.jpg]
[vceit.com/p/design-prototyping.html]
[vceit.com/m/design-contextdiagram.gif]
[vceit.com/p/contextdiagram.html]
[www.un.org/media/chart/unsyst.html]
[vceit.com/m/ipo.gif]
[vceit.com/p/ipo-chart.html]
[vceit.com/p/data-dictionary.html]
[vceit.com/p/design-pseudocode.html]
[vceit.com/slideshows/Design-Tools-ERD.html]
[vceit.com/p/gantt-pert-pert-tute.html]
[vceit.com/m/briefs.jpg]
[vceit.com/m/gantt-pert-pert-prac.gif]
[vceit.com/m/gantt-pert-pert_chart2.gif]
[vceit.com/p/gantt-pert-index.html]
[vceit.com/wp/index026b.html]
[vceit.com/wp/index348c.html]
[vceit.com/wp/index7050.html]
[vceit.com/wp/wp-login5475.html]
[vceit.com/wp/index0797.html]
[vceit.com/wp/indexd45c.html]
[vceit.com/wp/indexdeb3.html]
[vceit.com/wp/wp-login175f.html]
[vceit.com/wp/index799a.html]
[vceit.com/wp/index32c4.html]
[vceit.com/wp/wp-login3bd2.html]
[vceit.com/wp/index1a80.html]
[vceit.com/wp/index749c.html]
[vceit.com/wp/wp-login2160.html]
[vceit.com/wp/indexf69a.html]
[vceit.com/wp/category/uncategorized/page/etc/mailform.html]
[vceit.com/wp/category/uncategorized/page/m/nasty-if-months.html]
[vceit.com/wp/index0358.html]
[vceit.com/wp/indexad4d.html]
[vceit.com/wp/index6c2a.html]
[vceit.com/wp/wp-json/oembed/1.0/embedb361.json]
[vceit.com/wp/informatics/16i-c1-gantt/feed/index.html]
[vceit.com/wp/wp-json/oembed/1.0/embed2364]
[vceit.com/wp/wp-content/uploads/16i-c1-gantt.png]
[vceit.com/wp/wp-loginf53c.html]
[vceit.com/wp/informatics/16i-c1-gantt/index.html]
[vceit.com/wp/wp-login1a3e.html]
[vceit.com/wp/index518e.html]
[vceit.com/wp/index7bb4.html]
[vceit.com/wp/index0f16.html]
[vceit.com/wp/informatics/16i-c01/index.html]
[vceit.com/wp/wp-json/oembed/1.0/embedf5a4.json]
[vceit.com/wp/informatics/16i-c11/feed/index.html]
[vceit.com/wp/wp-json/oembed/1.0/embed4490]
[vceit.com/wp/wp-content/uploads/16i-c11.png]
[vceit.com/wp/wp-loginf46f.html]
[vceit.com/wp/informatics/16i-c11/index.html]
[vceit.com/wp/wp-login5f48.html]
[vceit.com/wp/index8721.html]
[vceit.com/wp/index8381.html]
[vceit.com/wp/index9057.html]
[vceit.com/wp/wp-login78ee.html]
[vceit.com/wp/index42d0.html]
[vceit.com/wp/author/etc/mailform.html]
[vceit.com/wp/author/m/nasty-if-months.html]
[vceit.com/wp/index2510.html]
[vceit.com/wp/indexaccf.html]
[vceit.com/wp/indexabe3.html]
[vceit.com/p/PSM-topbottom.html]
[vceit.com/p/gantt-pert-pertquiz.html]
[vceit.com/wp/informatics/16i-c12/index.html]
[vceit.com/m/gantt-pert-pert_chart.gif]
[vceit.com/p/gantt-pert-projmanterms.html]
[vceit.com/p/gantt-pert-dev-pert.html]
[vceit.com/wp/index0795.html]
[vceit.com/wp/index7caf.html]
[vceit.com/wp/index28dc.html]
[vceit.com/wp/indexf6e2.html]
[vceit.com/wp/index7c58.html]
[vceit.com/wp/indexeab6.html]
[vceit.com/wp/wp-json/oembed/1.0/embedb75e.json]
[vceit.com/wp/informatics/16i-c01/feed/index.html]
[vceit.com/wp/wp-json/oembed/1.0/embedc0bb]
[vceit.com/wp/wp-content/uploads/16i-c01.png]
[vceit.com/wp/wp-login6daf.html]
[vceit.com/wp/informatics/16i-c01/index.html]
[vceit.com/wp/wp-loginf53c.html]
[vceit.com/wp/index3d71.html]
[vceit.com/wp/index8df3.html]
[vceit.com/wp/indexaefe.html]
[vceit.com/wp/informatics/16i-b05/index.html]
[vceit.com/wp/wp-json/oembed/1.0/embed3679.json]
[vceit.com/wp/informatics/16i-c12/feed/index.html]
[vceit.com/wp/wp-json/oembed/1.0/embeddd4b]
[vceit.com/wp/wp-content/uploads/16i-c12.png]
[vceit.com/wp/wp-login10c8.html]
[vceit.com/wp/informatics/16i-c12/index.html]
[vceit.com/wp/wp-loginf46f.html]
[vceit.com/wp/index8ebc.html]
[vceit.com/wp/indexe21f.html]
[vceit.com/p/gantt-pert-buffalo-pert.html]
[vceit.com/wp/indexd350.html]
[vceit.com/wp/index3188.html]
[vceit.com/wp/informatics/16i-cs01/index.html]
[vceit.com/wp/wp-json/oembed/1.0/embedb10d.json]
[vceit.com/wp/informatics/16i-b05/feed/index.html]
[vceit.com/wp/wp-json/oembed/1.0/embed9ae0]
[vceit.com/wp/wp-content/uploads/16i-b05.png]
[vceit.com/wp/wp-logine66c.html]
[vceit.com/wp/informatics/16i-b05/index.html]
[vceit.com/wp/wp-login6daf.html]
[vceit.com/wp/index943a.html]
[vceit.com/wp/indexcd66.html]
[vceit.com/wp/index2094.html]
[vceit.com/wp/informatics/16i-b02/index.html]
[vceit.com/wp/wp-json/oembed/1.0/embedebc9.json]
[vceit.com/wp/informatics/16i-cs01/feed/index.html]
[vceit.com/wp/wp-json/oembed/1.0/embedc749]
[vceit.com/wp/wp-content/uploads/16i-cs01.png]
[vceit.com/wp/informatics/16i-cs02/index.html]
[vceit.com/wp/wp-logind60d.html]
[vceit.com/wp/informatics/16i-cs01/index.html]
[vceit.com/wp/wp-login10c8.html]
[vceit.com/wp/indexdeb0.html]
[vceit.com/wp/indexc630.html]
[vceit.com/wp/index4bbc.html]
[vceit.com/wp/wp-json/oembed/1.0/embed59e0.json]
[vceit.com/wp/informatics/16i-b02/feed/index.html]
[vceit.com/wp/wp-json/oembed/1.0/embed3f44]
[vceit.com/wp/wp-content/uploads/16i-b02.png]
[vceit.com/wp/wp-login887b.html]
[vceit.com/wp/informatics/16i-b02/index.html]
[vceit.com/wp/wp-logine66c.html]
[vceit.com/wp/indexe2d4.html]
[vceit.com/wp/index3492.html]
[vceit.com/wp/index348a.html]
[vceit.com/wp/informatics/16i-b01b-answer/index.html]
[vceit.com/wp/informatics/16i-cs02/feed/index.html]
[vceit.com/wp/wp-json/oembed/1.0/embede687.json]
[vceit.com/wp/wp-json/oembed/1.0/embedee40]
[vceit.com/wp/wp-content/uploads/16i-cs02.png]
[vceit.com/wp/wp-login7c1d.html]
[vceit.com/wp/informatics/16i-cs02/index.html]
[vceit.com/wp/wp-logind60d.html]
[vceit.com/wp/index43e4.html]
[vceit.com/wp/index93ac.html]
[vceit.com/wp/indexe240.html]
[vceit.com/wp/informatics/16s-a03/index.html]
[vceit.com/wp/informatics/16i-b01b-answer/feed/index.html]
[vceit.com/wp/wp-json/oembed/1.0/embed46b3.json]
[vceit.com/wp/wp-json/oembed/1.0/embede22e]
[vceit.com/wp/wp-content/uploads/16i-b01b-answer.png]
[vceit.com/wp/wp-login2e80.html]
[vceit.com/wp/informatics/16i-b01b-answer/index.html]
[vceit.com/wp/wp-login887b.html]
[vceit.com/wp/informatics/16i-b01b/index.html]
[vceit.com/wp/index6a77.html]
[vceit.com/wp/index736e.html]
[vceit.com/wp/index7a3e.html]
[vceit.com/wp/wp-json/oembed/1.0/embedc98e.json]
[vceit.com/wp/informatics/16s-a03/feed/index.html]
[vceit.com/wp/wp-json/oembed/1.0/embed79da]
[vceit.com/wp/wp-content/uploads/16s-a03.png]
[vceit.com/wp/wp-login388b.html]
[vceit.com/wp/informatics/16s-a03/index.html]
[vceit.com/wp/wp-login7c1d.html]
[vceit.com/wp/indexa24c.html]
[vceit.com/wp/index4cea.html]
[vceit.com/wp/index0c83.html]
[vceit.com/wp/informatics/16s-a05/index.html]
[vceit.com/wp/wp-json/oembed/1.0/embed6fa8.json]
[vceit.com/wp/informatics/16i-b01b/feed/index.html]
[vceit.com/wp/wp-json/oembed/1.0/embed9b85]
[vceit.com/wp/wp-content/uploads/16i-b01b.png]
[vceit.com/wp/wp-login02fc.html]
[vceit.com/wp/informatics/16i-b01b/index.html]
[vceit.com/wp/wp-login2e80.html]
[vceit.com/wp/index2189.html]
[vceit.com/wp/indexb74b.html]
[vceit.com/wp/index9994.html]
[vceit.com/wp/informatics/16i-a19/index.html]
[vceit.com/wp/wp-json/oembed/1.0/embed5aab.json]
[vceit.com/wp/informatics/16s-a05/feed/index.html]
[vceit.com/wp/wp-json/oembed/1.0/embed89ec]
[vceit.com/wp/wp-content/uploads/16s-a05.png]
[vceit.com/wp/wp-logind361.html]
[vceit.com/wp/informatics/16s-a05/index.html]
[vceit.com/wp/wp-login388b.html]
[vceit.com/wp/index3dd3.html]
[vceit.com/wp/index1e14.html]
[vceit.com/wp/index6a0a.html]
[vceit.com/wp/informatics/16s-a09/index.html]
[vceit.com/wp/wp-json/oembed/1.0/embed35c7.json]
[vceit.com/wp/informatics/16i-a19/feed/index.html]
[vceit.com/wp/wp-json/oembed/1.0/embed75c6]
[vceit.com/wp/wp-content/uploads/16i-a19.png]
[vceit.com/wp/informatics/16i-a19/index.html]
[vceit.com/wp/wp-login02fc.html]
[vceit.com/wp/wp-login055b.html]
[vceit.com/wp/index4a2d.html]
[vceit.com/wp/indexe264.html]
[vceit.com/wp/index2e3b.html]
[vceit.com/wp/informatics/16i-a18/index.html]
[vceit.com/wp/wp-json/oembed/1.0/embed2098.json]
[vceit.com/wp/informatics/16s-a09/feed/index.html]
[vceit.com/wp/wp-json/oembed/1.0/embed5d18]
[vceit.com/wp/wp-content/uploads/16s-a09.png]
[vceit.com/wp/wp-loginaaf8.html]
[vceit.com/wp/informatics/16s-a09/index.html]
[vceit.com/wp/wp-logind361.html]
[vceit.com/wp/indexfd5d.html]
[vceit.com/wp/index735b.html]
[vceit.com/wp/index7944.html]
[vceit.com/wp/informatics/16s-b01/index.html]
[vceit.com/wp/wp-json/oembed/1.0/embeda82d.json]
[vceit.com/wp/informatics/16i-a18/feed/index.html]
[vceit.com/wp/wp-json/oembed/1.0/embedc4e5]
[vceit.com/wp/wp-content/uploads/16i-a18.png]
[vceit.com/wp/wp-login85c4.html]
[vceit.com/wp/informatics/16i-a18/index.html]
[vceit.com/wp/wp-login055b.html]
[vceit.com/wp/indexbcb4.html]
[vceit.com/wp/index2e27.html]
[vceit.com/wp/indexc6fe.html]
[vceit.com/wp/informatics/16i-a17d/index.html]
[vceit.com/wp/wp-json/oembed/1.0/embedc2b6.json]
[vceit.com/wp/informatics/16s-b01/feed/index.html]
[vceit.com/wp/wp-json/oembed/1.0/embeda828]
[vceit.com/wp/wp-content/uploads/16s-b01.png]
[vceit.com/wp/wp-login44c2.html]
[vceit.com/wp/informatics/16s-b01/index.html]
[vceit.com/wp/wp-loginaaf8.html]
[vceit.com/wp/index78ed.html]
[vceit.com/wp/index8cc3.html]
[vceit.com/wp/indexca48.html]
[vceit.com/wp/informatics/16s-b04a/index.html]
[vceit.com/wp/informatics/16i-a17d/feed/index.html]
[vceit.com/wp/wp-json/oembed/1.0/embed1493.json]
[vceit.com/wp/wp-json/oembed/1.0/embed1d7f]
[vceit.com/wp/wp-content/uploads/16i-a17d.png]
[vceit.com/wp/wp-login4200.html]
[vceit.com/wp/informatics/16i-a17d/index.html]
[vceit.com/wp/wp-login85c4.html]
[vceit.com/wp/index5342.html]
[vceit.com/wp/index55fc.html]
[vceit.com/wp/index9857.html]
[vceit.com/wp/informatics/16i-a17c/index.html]
[vceit.com/wp/informatics/16s-b04a/feed/index.html]
[vceit.com/wp/wp-json/oembed/1.0/embed65bd.json]
[vceit.com/wp/wp-json/oembed/1.0/embed9061]
[vceit.com/wp/wp-content/uploads/16s-b04a.png]
[vceit.com/wp/wp-login6f62.html]
[vceit.com/wp/informatics/16s-b04a/index.html]
[vceit.com/wp/wp-login44c2.html]
[vceit.com/wp/index4dc6.html]
[vceit.com/wp/index082e.html]
[vceit.com/wp/index54d4.html]
[vceit.com/wp/informatics/16s-b04a-answer/index.html]
[vceit.com/wp/wp-json/oembed/1.0/embed916d.json]
[vceit.com/wp/informatics/16i-a17c/feed/index.html]
[vceit.com/wp/wp-json/oembed/1.0/embed5b2a]
[vceit.com/wp/wp-content/uploads/16i-a17c.png]
[vceit.com/wp/wp-logind23a.html]
[vceit.com/wp/informatics/16i-a17c/index.html]
[vceit.com/wp/wp-login4200.html]
[vceit.com/wp/index8c81.html]
[vceit.com/wp/indexd010.html]
[vceit.com/wp/index1ead.html]
[vceit.com/wp/informatics/16i-a17b/index.html]
[vceit.com/wp/wp-json/oembed/1.0/embed484d.json]
[vceit.com/wp/informatics/16s-b04a-answer/feed/index.html]
[vceit.com/wp/wp-json/oembed/1.0/embed19c3]
[vceit.com/wp/wp-content/uploads/16s-b04a-answer.png]
[vceit.com/wp/wp-login87a6.html]
[vceit.com/wp/informatics/16s-b04a-answer/index.html]
[vceit.com/wp/wp-login6f62.html]
[vceit.com/wp/index5699.html]
[vceit.com/wp/indexae65.html]
[vceit.com/wp/index6ba1.html]
[vceit.com/wp/informatics/16s-c01/index.html]
[vceit.com/wp/wp-json/oembed/1.0/embed4d25.json]
[vceit.com/wp/informatics/16i-a17b/feed/index.html]
[vceit.com/wp/wp-json/oembed/1.0/embed486a]
[vceit.com/wp/wp-content/uploads/16i-a17b.png]
[vceit.com/wp/wp-login4c7d.html]
[vceit.com/wp/informatics/16i-a17b/index.html]
[vceit.com/wp/wp-logind23a.html]
[vceit.com/wp/index954b.html]
[vceit.com/wp/index325f.html]
[vceit.com/wp/indexf520.html]
[vceit.com/wp/informatics/16i-a17a/index.html]
[vceit.com/wp/wp-json/oembed/1.0/embedcd0a.json]
[vceit.com/wp/informatics/16s-c01/feed/index.html]
[vceit.com/wp/wp-json/oembed/1.0/embedad21]
[vceit.com/wp/wp-content/uploads/16s-c01.png]
[vceit.com/wp/informatics/16s-c01a-answer/index.html]
[vceit.com/wp/wp-login470d.html]
[vceit.com/wp/informatics/16s-c01/index.html]
[vceit.com/wp/wp-login87a6.html]
[vceit.com/wp/indexc0f6.html]
[vceit.com/wp/index6041.html]
[vceit.com/wp/index3bb6.html]
[vceit.com/wp/wp-json/oembed/1.0/embed002a.json]
[vceit.com/wp/informatics/16i-a17a/feed/index.html]
[vceit.com/wp/wp-json/oembed/1.0/embeddaa5]
[vceit.com/wp/wp-content/uploads/16i-a17a.png]
[vceit.com/wp/wp-logind616.html]
[vceit.com/wp/informatics/16i-a17a/index.html]
[vceit.com/wp/wp-login4c7d.html]
[vceit.com/wp/informatics/16i-a16/index.html]
[vceit.com/wp/index6814.html]
[vceit.com/wp/index57d5.html]
[vceit.com/wp/index7f02.html]
[vceit.com/wp/wp-json/oembed/1.0/embed26f1.json]
[vceit.com/wp/informatics/16s-c01a-answer/feed/index.html]
[vceit.com/wp/wp-json/oembed/1.0/embed9c19]
[vceit.com/wp/wp-content/uploads/16s-c01a-answer.png]
[vceit.com/wp/wp-login08f5.html]
[vceit.com/wp/informatics/16s-c01a-answer/index.html]
[vceit.com/wp/wp-login470d.html]
[vceit.com/wp/index118c.html]
[vceit.com/wp/index630b.html]
[vceit.com/wp/index2250.html]
[vceit.com/wp/informatics/16s-c03/index.html]
[vceit.com/wp/wp-json/oembed/1.0/embed118d.json]
[vceit.com/wp/informatics/16i-a16/feed/index.html]
[vceit.com/wp/wp-json/oembed/1.0/embed1874]
[vceit.com/wp/wp-content/uploads/16i-a16.png]
[vceit.com/wp/wp-logine571.html]
[vceit.com/wp/informatics/16i-a16/index.html]
[vceit.com/wp/wp-logind616.html]
[vceit.com/wp/informatics/16i-a13b/index.html]
[vceit.com/wp/index313b.html]
[vceit.com/wp/index208d.html]
[vceit.com/wp/indexbc91.html]
[vceit.com/wp/wp-json/oembed/1.0/embed0d18.json]
[vceit.com/wp/informatics/16s-c03/feed/index.html]
[vceit.com/wp/wp-json/oembed/1.0/embed44fd]
[vceit.com/wp/wp-content/uploads/16s-c03.png]
[vceit.com/wp/wp-login8015.html]
[vceit.com/wp/informatics/16s-c03/index.html]
[vceit.com/wp/wp-login08f5.html]
[vceit.com/wp/indexa4d0.html]
[vceit.com/wp/indexc573.html]
[vceit.com/wp/indexcbc5.html]
[vceit.com/wp/informatics/16s-c03a-answer/index.html]
[vceit.com/wp/wp-json/oembed/1.0/embedfc72.json]
[vceit.com/wp/informatics/16i-a13b/feed/index.html]
[vceit.com/wp/wp-json/oembed/1.0/embedef22]
[vceit.com/wp/wp-content/uploads/16i-a13b.png]
[vceit.com/wp/wp-login1837.html]
[vceit.com/wp/informatics/16i-a13b/index.html]
[vceit.com/wp/wp-logine571.html]
[vceit.com/wp/informatics/16i-a13/index.html]
[vceit.com/wp/index1392.html]
[vceit.com/wp/indexc777.html]
[vceit.com/wp/index2a03.html]
[vceit.com/wp/wp-json/oembed/1.0/embedb7b3.json]
[vceit.com/wp/informatics/16s-c03a-answer/feed/index.html]
[vceit.com/wp/wp-json/oembed/1.0/embed0636]
[vceit.com/wp/wp-content/uploads/16s-c03a-answer.png]
[vceit.com/wp/wp-login651e.html]
[vceit.com/wp/informatics/16s-c03a-answer/index.html]
[vceit.com/wp/wp-login8015.html]
[vceit.com/wp/informatics/16s-c03a-answer1/index.html]
[vceit.com/wp/index2f07.html]
[vceit.com/wp/index0bc9.html]
[vceit.com/wp/indexfe2c.html]
[vceit.com/wp/informatics/16i-a13/feed/index.html]
[vceit.com/wp/wp-json/oembed/1.0/embed057f.json]
[vceit.com/wp/wp-json/oembed/1.0/embed70cc]
[vceit.com/wp/wp-content/uploads/16i-a13.png]
[vceit.com/wp/wp-login341a.php]
[vceit.com/wp/informatics/16i-a13/index.html]
[vceit.com/wp/wp-login1837.html]
[vceit.com/wp/informatics/16i-a12/index.html]
[vceit.com/wp/indexb186.html]
[vceit.com/wp/index652f.html]
[vceit.com/wp/index847f.html]
[vceit.com/wp/wp-json/oembed/1.0/embed9a8f.json]
[vceit.com/wp/informatics/16s-c03a-answer1/feed/index.html]
[vceit.com/wp/wp-json/oembed/1.0/embedcf22]
[vceit.com/wp/wp-content/uploads/16s-c03a-answer1.png]
[vceit.com/wp/wp-loginb6fc.html]
[vceit.com/wp/informatics/16s-c03a-answer1/index.html]
[vceit.com/wp/wp-login651e.html]
[vceit.com/wp/index5dfb.html]
[vceit.com/wp/index497f.html]
[vceit.com/wp/index4fa4.html]
[vceit.com/wp/informatics/16s-c03a-answer2/index.html]
[vceit.com/wp/wp-json/oembed/1.0/embed055f.json]
[vceit.com/wp/informatics/16i-a12/feed/index.html]
[vceit.com/wp/wp-json/oembed/1.0/embedee63]
[vceit.com/wp/wp-content/uploads/16i-a12.png]
[vceit.com/wp/wp-loginb13d.html]
[vceit.com/wp/informatics/16i-a12/index.html]
[vceit.com/wp/wp-login341a.html]
[vceit.com/wp/informatics/16i-a11-gantt2/index.html]
[vceit.com/wp/index2dd1.html]
[vceit.com/wp/indexe49d.html]
[vceit.com/wp/indexf1b3.html]
[vceit.com/wp/wp-json/oembed/1.0/embed87b2.json]
[vceit.com/wp/informatics/16s-c03a-answer2/feed/index.html]
[vceit.com/wp/wp-json/oembed/1.0/embed03a0]
[vceit.com/wp/wp-content/uploads/16s-c03a-answer2.png]
[vceit.com/wp/wp-login2109.html]
[vceit.com/wp/informatics/16s-c03a-answer2/index.html]
[vceit.com/wp/wp-loginb6fc.html]
[vceit.com/wp/index6973.html]
[vceit.com/wp/index1a78.html]
[vceit.com/wp/index86cb.html]
[vceit.com/wp/informatics/16s-c04a/index.html]
[vceit.com/wp/wp-json/oembed/1.0/embed5134.json]
[vceit.com/wp/informatics/16i-a11-gantt2/feed/index.html]
[vceit.com/wp/wp-json/oembed/1.0/embed613d]
[vceit.com/wp/wp-content/uploads/16i-a11-gantt2.png]
[vceit.com/wp/wp-login6e51.html]
[vceit.com/wp/informatics/16i-a11-gantt2/index.html]
[vceit.com/wp/wp-loginb13d.html]
[vceit.com/wp/informatics/16i-a11-gantt1/index.html]
[vceit.com/wp/index9d8c.html]
[vceit.com/wp/index5cb1.html]
[vceit.com/wp/index508c.html]
[vceit.com/wp/wp-json/oembed/1.0/embedd3da.json]
[vceit.com/wp/informatics/16s-c04a/feed/index.html]
[vceit.com/wp/wp-json/oembed/1.0/embed0d37]
[vceit.com/wp/wp-content/uploads/16s-c04a.png]
[vceit.com/wp/wp-login9280.html]
[vceit.com/wp/informatics/16s-c04a/index.html]
[vceit.com/wp/wp-login2109.html]
[vceit.com/wp/indexadcd.html]
[vceit.com/wp/index1c3e.html]
[vceit.com/wp/index498f.html]
[vceit.com/wp/informatics/16s-c04b/index.html]
[vceit.com/wp/wp-json/oembed/1.0/embed3f85.json]
[vceit.com/wp/informatics/16i-a11-gantt1/feed/index.html]
[vceit.com/wp/wp-json/oembed/1.0/embedff78]
[vceit.com/wp/wp-content/uploads/16i-a11-gantt1.png]
[vceit.com/wp/wp-logina7ec.html]
[vceit.com/wp/informatics/16i-a11-gantt1/index.html]
[vceit.com/wp/wp-login6e51.html]
[vceit.com/wp/informatics/16i-a11/index.html]
[vceit.com/wp/index27b8.html]
[vceit.com/wp/index4626.html]
[vceit.com/wp/index5edf.html]
[vceit.com/wp/wp-json/oembed/1.0/embed4e05.json]
[vceit.com/wp/informatics/16s-c04b/feed/index.html]
[vceit.com/wp/wp-json/oembed/1.0/embed8020]
[vceit.com/wp/wp-content/uploads/16s-c04b.png]
[vceit.com/wp/wp-login557d.html]
[vceit.com/wp/informatics/16s-c04b/index.html]
[vceit.com/wp/wp-login9280.html]
[vceit.com/wp/indexfafa.html]
[vceit.com/wp/index6100.html]
[vceit.com/wp/index5239.html]
[vceit.com/wp/informatics/16s-c05/index.html]
[vceit.com/wp/wp-json/oembed/1.0/embed7baa.json]
[vceit.com/wp/informatics/16i-a11/feed/index.html]
[vceit.com/wp/wp-json/oembed/1.0/embed056b]
[vceit.com/wp/wp-content/uploads/16i-a11.png]
[vceit.com/wp/wp-logind07c.html]
[vceit.com/wp/informatics/16i-a11/index.html]
[vceit.com/wp/wp-logina7ec.html]
[vceit.com/wp/informatics/16i-a09/index.html]
[vceit.com/wp/indexb43e.html]
[vceit.com/wp/indexe38d.html]
[vceit.com/wp/index9e09.html]
[vceit.com/wp/wp-json/oembed/1.0/embed43e5.json]
[vceit.com/wp/informatics/16s-c05/feed/index.html]
[vceit.com/wp/wp-json/oembed/1.0/embed7b9f]
[vceit.com/wp/wp-content/uploads/16s-c05.png]
[vceit.com/wp/wp-login5000.html]
[vceit.com/wp/informatics/16s-c05/index.html]
[vceit.com/wp/wp-login557d.html]
[vceit.com/wp/index56eb.html]
[vceit.com/wp/index582f.html]
[vceit.com/wp/indexfdb2.html]
[vceit.com/wp/informatics/16s-c05-answer/index.html]
[vceit.com/wp/wp-json/oembed/1.0/embedf359.json]
[vceit.com/wp/informatics/16i-a09/feed/index.html]
[vceit.com/wp/wp-json/oembed/1.0/embedc3fa]
[vceit.com/wp/wp-content/uploads/16i-a09.png]
[vceit.com/wp/wp-login0932.html]
[vceit.com/wp/informatics/16i-a09/index.html]
[vceit.com/wp/wp-logind07c.html]
[vceit.com/wp/index4ba4.html]
[vceit.com/wp/indexe10c.html]
[vceit.com/wp/indexc081.html]
[vceit.com/wp/informatics/16i-a07/index.html]
[vceit.com/wp/wp-json/oembed/1.0/embedd1df.json]
[vceit.com/wp/informatics/16s-c05-answer/feed/index.html]
[vceit.com/wp/wp-json/oembed/1.0/embedd8c1]
[vceit.com/wp/wp-content/uploads/16s-c05-answer.png]
[vceit.com/wp/wp-login88e1.html]
[vceit.com/wp/informatics/16s-c05-answer/index.html]
[vceit.com/wp/wp-login5000.html]
[vceit.com/wp/indexcca7.html]
[vceit.com/wp/indexdd87.html]
[vceit.com/wp/indexb63d.html]
[vceit.com/wp/informatics/16s-c11/index.html]
[vceit.com/wp/wp-json/oembed/1.0/embed5723.json]
[vceit.com/wp/informatics/16i-a07/feed/index.html]
[vceit.com/wp/wp-json/oembed/1.0/embedf80a]
[vceit.com/wp/wp-content/uploads/16i-a07.png]
[vceit.com/wp/wp-login2487.html]
[vceit.com/wp/informatics/16i-a07/index.html]
[vceit.com/wp/wp-login0932.html]
[vceit.com/wp/indexc2f4.html]
[vceit.com/wp/indexbb0e.html]
[vceit.com/wp/index8cea.html]
[vceit.com/wp/informatics/16i-c08_tn/index.html]
[vceit.com/wp/informatics/16s-c11/feed/index.html]
[vceit.com/wp/wp-json/oembed/1.0/embedede1.json]
[vceit.com/wp/wp-json/oembed/1.0/embedab03]
[vceit.com/wp/wp-content/uploads/16s-c11.png]
[vceit.com/wp/wp-loginafd0.html]
[vceit.com/wp/informatics/16s-c11/index.html]
[vceit.com/wp/wp-login88e1.html]
[vceit.com/wp/informatics/16s-c12b/index.html]
[vceit.com/wp/indexf20f.html]
[vceit.com/wp/indexba06.html]
[vceit.com/wp/index5440.html]
[vceit.com/wp/wp-json/oembed/1.0/embed5741.json]
[vceit.com/wp/informatics/16i-c08_tn/feed/index.html]
[vceit.com/wp/wp-json/oembed/1.0/embed6914]
[vceit.com/wp/wp-login0162.html]
[vceit.com/wp/informatics/16i-c08_tn/index.html]
[vceit.com/wp/wp-login2487.html]
[vceit.com/wp/indexb3c1.html]
[vceit.com/wp/index3515.html]
[vceit.com/wp/indexa88a.html]
[vceit.com/wp/informatics/qbe/index.html]
[vceit.com/wp/wp-json/oembed/1.0/embed959d.json]
[vceit.com/wp/informatics/16s-c12b/feed/index.html]
[vceit.com/wp/wp-json/oembed/1.0/embed4ce8]
[vceit.com/wp/wp-content/uploads/16s-c12b.png]
[vceit.com/wp/wp-login364a.html]
[vceit.com/wp/informatics/16s-c12b/index.html]
[vceit.com/wp/wp-loginafd0.html]
[vceit.com/wp/index633b.html]
[vceit.com/wp/index6d2f.html]
[vceit.com/wp/index8066.html]
[vceit.com/wp/informatics/16s-cs01/index.html]
[vceit.com/wp/informatics/qbe/feed/index.html]
[vceit.com/wp/wp-json/oembed/1.0/embedb900.json]
[vceit.com/wp/wp-json/oembed/1.0/embede857]
[vceit.com/wp/wp-login8514.html]
[vceit.com/wp/informatics/qbe/index.html]
[vceit.com/wp/wp-login0162.html]
[vceit.com/wp/index9d4f.html]
[vceit.com/wp/indexa94b.html]
[vceit.com/wp/indexf768.html]
[vceit.com/wp/informatics/ufd2/index.html]
[vceit.com/wp/wp-json/oembed/1.0/embedaecb.json]
[vceit.com/wp/informatics/16s-cs01/feed/index.html]
[vceit.com/wp/wp-json/oembed/1.0/embed17e5]
[vceit.com/wp/wp-content/uploads/16s-cs01.png]
[vceit.com/wp/wp-login7e4a.html]
[vceit.com/wp/informatics/16s-cs01/index.html]
[vceit.com/wp/wp-login364a.html]
[vceit.com/wp/indexf07a.html]
[vceit.com/wp/index91e6.html]
[vceit.com/wp/indexfe3f.html]
[vceit.com/wp/informatics/16-sd-sample-exam-c1-gantt-2/index.html]
[vceit.com/wp/informatics/ufd2/feed/index.html]
[vceit.com/wp/wp-json/oembed/1.0/embed24cb.json]
[vceit.com/wp/wp-json/oembed/1.0/embed8cb7]
[vceit.com/wp/wp-loginb21c.html]
[vceit.com/wp/informatics/ufd2/index.html]
[vceit.com/wp/wp-login8514.html]
[vceit.com/wp/index1df6.html]
[vceit.com/wp/index52fb.html]
[vceit.com/wp/index68e7.html]
[vceit.com/wp/informatics/2016-erd3/index.html]
[vceit.com/wp/wp-json/oembed/1.0/embed08c3.json]
[vceit.com/wp/informatics/16-sd-sample-exam-c1-gantt-2/feed/index.html]
[vceit.com/wp/wp-json/oembed/1.0/embedbb24]
[vceit.com/wp/wp-content/uploads/16-SD-sample-exam-C1-gantt.png]
[vceit.com/wp/wp-logine374.html]
[vceit.com/wp/informatics/16-sd-sample-exam-c1-gantt-2/index.html]
[vceit.com/wp/wp-login7e4a.html]
[vceit.com/wp/index89d0.html]
[vceit.com/wp/indexe2d5.html]
[vceit.com/wp/index0f60.html]
[vceit.com/wp/informatics/ppt-icon/index.html]
[vceit.com/wp/wp-json/oembed/1.0/embed7e0f.json]
[vceit.com/wp/informatics/2016-erd3/feed/index.html]
[vceit.com/wp/wp-json/oembed/1.0/embed5e98]
[vceit.com/wp/wp-login5b88.html]
[vceit.com/wp/informatics/2016-erd3/index.html]
[vceit.com/wp/wp-loginb21c.html]
[vceit.com/wp/index7568.html]
[vceit.com/wp/indexda0f.html]
[vceit.com/wp/indexba2e.html]
[vceit.com/wp/informatics/2016-erd2/index.html]
[vceit.com/wp/wp-json/oembed/1.0/embed850e.json]
[vceit.com/wp/informatics/ppt-icon/feed/index.html]
[vceit.com/wp/wp-json/oembed/1.0/embedfe9e]
[vceit.com/wp/wp-logina216.html]
[vceit.com/wp/informatics/ppt-icon/index.html]
[vceit.com/wp/wp-logine374.html]
[vceit.com/wp/indexebb2.html]
[vceit.com/wp/indexba61.html]
[vceit.com/wp/indexa283.html]
[vceit.com/wp/informatics/2016-erd1/index.html]
[vceit.com/wp/informatics/2016-erd2/feed/index.html]
[vceit.com/wp/wp-json/oembed/1.0/embedde63.json]
[vceit.com/wp/wp-json/oembed/1.0/embed1871]
[vceit.com/wp/wp-login758a.html]
[vceit.com/wp/informatics/2016-erd2/index.html]
[vceit.com/wp/wp-login5b88.html]
[vceit.com/wp/indexa4bc.html]
[vceit.com/wp/index9011.html]
[vceit.com/wp/index7f77.html]
[vceit.com/wp/wp-json/oembed/1.0/embedb545.json]
[vceit.com/wp/informatics/2016-erd1/feed/index.html]
[vceit.com/wp/wp-json/oembed/1.0/embed8e23]
[vceit.com/wp/wp-login2243.html]
[vceit.com/wp/informatics/2016-erd1/index.html]
[vceit.com/wp/wp-logina216.html]
[vceit.com/wp/index6ff1.html]
[vceit.com/wp/index1e59.html]
[vceit.com/wp/indexa697.html]
[vceit.com/wp/wp-login758a.html]
[vceit.com/wp/index7e6e.html]
[vceit.com/wp/index29f2.html]
[vceit.com/wp/index407c.html]
[vceit.com/wp/wp-login2243.html]
[vceit.com/wp/index6386.html]
[vceit.com/wp/index1096.html]
[vceit.com/wp/indexd998.html]
